
DevTools listening on ws://127.0.0.1:58508/devtools/browser/06e2f0fb-e086-46b0-8916-0b553ee0e1f6
[8764:10288:0516/180428.012:ERROR:google_apis\gcm\engine\registration_request.cc:291] Registration response error message: PHONE_REGISTRATION_ERROR
[8764:10288:0516/180428.012:ERROR:google_apis\gcm\engine\registration_request.cc:291] Registration response error message: PHONE_REGISTRATION_ERROR
[8764:10288:0516/180428.293:ERROR:google_apis\gcm\engine\mcs_client.cc:700]   Error code: 401  Error message: Authentication Failed: wrong_secret
[8764:10288:0516/180428.293:ERROR:google_apis\gcm\engine\mcs_client.cc:702] Failed to log in to GCM, resetting connection.
[8764:10288:0516/180451.542:ERROR:google_apis\gcm\engine\registration_request.cc:291] Registration response error message: QUOTA_EXCEEDED

DevTools listening on ws://127.0.0.1:50486/devtools/browser/af9afc61-97c5-46d8-876a-b1872591f1af
[4912:4724:0525/184028.113:ERROR:google_apis\gcm\engine\registration_request.cc:291] Registration response error message: DEPRECATED_ENDPOINT
[4912:4724:0525/184053.742:ERROR:google_apis\gcm\engine\registration_request.cc:291] Registration response error message: DEPRECATED_ENDPOINT

DevTools listening on ws://127.0.0.1:60956/devtools/browser/84c5924b-52f1-407a-ab12-a0d2d3177b2a
[3376:13644:0525/184207.292:ERROR:google_apis\gcm\engine\registration_request.cc:291] Registration response error message: DEPRECATED_ENDPOINT

DevTools listening on ws://127.0.0.1:54381/devtools/browser/9d025504-2a90-48ef-beaf-ab5348040b9c
[13712:952:0525/184224.642:ERROR:google_apis\gcm\engine\registration_request.cc:291] Registration response error message: DEPRECATED_ENDPOINT
[13712:952:0525/184245.416:ERROR:google_apis\gcm\engine\registration_request.cc:291] Registration response error message: DEPRECATED_ENDPOINT
[13712:952:0525/184338.344:ERROR:google_apis\gcm\engine\registration_request.cc:291] Registration response error message: DEPRECATED_ENDPOINT
[13712:2624:0525/184426.981:ERROR:components\device_event_log\device_event_log_impl.cc:202] [18:44:26.974] USB: usb_service_win.cc:108 SetupDiGetDeviceProperty({{A45C254E-DF1C-4EFD-8020-67D146A850E0}, 6}) failed: Элемент не найден. (0x490)
[13712:2624:0525/184426.983:ERROR:components\device_event_log\device_event_log_impl.cc:202] [18:44:26.985] USB: usb_service_win.cc:311 SetupDiEnumDeviceInterfaces: Дополнительные данные отсутствуют. (0x103)
[13712:952:0525/184612.875:ERROR:google_apis\gcm\engine\registration_request.cc:275] Registration URL fetching failed.
[13712:952:0525/184957.600:ERROR:google_apis\gcm\engine\registration_request.cc:275] Registration URL fetching failed.
[13712:952:0525/185644.094:ERROR:google_apis\gcm\engine\registration_request.cc:275] Registration URL fetching failed.
[13712:2624:0525/193020.472:ERROR:components\device_event_log\device_event_log_impl.cc:202] [19:30:20.474] USB: usb_service_win.cc:108 SetupDiGetDeviceProperty({{A45C254E-DF1C-4EFD-8020-67D146A850E0}, 6}) failed: Элемент не найден. (0x490)

DevTools listening on ws://127.0.0.1:63831/devtools/browser/c11b519a-2ac4-4fd3-8cd4-3c1fb0d7fd30
[7824:18780:0525/193117.879:ERROR:google_apis\gcm\engine\registration_request.cc:291] Registration response error message: DEPRECATED_ENDPOINT
[7824:18780:0525/193147.936:ERROR:google_apis\gcm\engine\registration_request.cc:291] Registration response error message: DEPRECATED_ENDPOINT
[7824:18780:0525/193232.167:ERROR:google_apis\gcm\engine\registration_request.cc:291] Registration response error message: DEPRECATED_ENDPOINT
[7824:18780:0525/193414.673:ERROR:google_apis\gcm\engine\registration_request.cc:291] Registration response error message: DEPRECATED_ENDPOINT
[7824:18780:0525/193803.132:ERROR:google_apis\gcm\engine\registration_request.cc:291] Registration response error message: DEPRECATED_ENDPOINT
[7824:18780:0525/194438.771:ERROR:google_apis\gcm\engine\registration_request.cc:291] Registration response error message: DEPRECATED_ENDPOINT
[7824:17564:0525/203300.304:ERROR:components\device_event_log\device_event_log_impl.cc:202] [20:33:00.296] USB: usb_service_win.cc:108 SetupDiGetDeviceProperty({{A45C254E-DF1C-4EFD-8020-67D146A850E0}, 6}) failed: Элемент не найден. (0x490)
[7824:17564:0525/203300.307:ERROR:components\device_event_log\device_event_log_impl.cc:202] [20:33:00.307] USB: usb_service_win.cc:311 SetupDiEnumDeviceInterfaces: Дополнительные данные отсутствуют. (0x103)
[7824:17564:0525/203301.007:ERROR:components\device_event_log\device_event_log_impl.cc:202] [20:33:01.002] USB: usb_service_win.cc:108 SetupDiGetDeviceProperty({{A45C254E-DF1C-4EFD-8020-67D146A850E0}, 6}) failed: Элемент не найден. (0x490)
[7824:17564:0525/203301.010:ERROR:components\device_event_log\device_event_log_impl.cc:202] [20:33:01.011] USB: usb_service_win.cc:108 SetupDiGetDeviceProperty({{A45C254E-DF1C-4EFD-8020-67D146A850E0}, 6}) failed: Элемент не найден. (0x490)
[7824:17564:0525/203301.010:ERROR:components\device_event_log\device_event_log_impl.cc:202] [20:33:01.012] USB: usb_service_win.cc:311 SetupDiEnumDeviceInterfaces: Дополнительные данные отсутствуют. (0x103)
[7824:17564:0525/203301.961:ERROR:components\device_event_log\device_event_log_impl.cc:202] [20:33:01.954] USB: usb_service_win.cc:108 SetupDiGetDeviceProperty({{A45C254E-DF1C-4EFD-8020-67D146A850E0}, 6}) failed: Элемент не найден. (0x490)
[7824:17564:0525/203301.964:ERROR:components\device_event_log\device_event_log_impl.cc:202] [20:33:01.964] USB: usb_service_win.cc:311 SetupDiEnumDeviceInterfaces: Дополнительные данные отсутствуют. (0x103)
[7824:17564:0525/203311.469:ERROR:components\device_event_log\device_event_log_impl.cc:202] [20:33:11.463] USB: usb_service_win.cc:108 SetupDiGetDeviceProperty({{A45C254E-DF1C-4EFD-8020-67D146A850E0}, 6}) failed: Элемент не найден. (0x490)
[7824:17564:0525/203311.474:ERROR:components\device_event_log\device_event_log_impl.cc:202] [20:33:11.474] USB: usb_service_win.cc:311 SetupDiEnumDeviceInterfaces: Дополнительные данные отсутствуют. (0x103)
[7824:17564:0525/205812.450:ERROR:components\device_event_log\device_event_log_impl.cc:202] [20:58:12.444] USB: usb_service_win.cc:108 SetupDiGetDeviceProperty({{A45C254E-DF1C-4EFD-8020-67D146A850E0}, 6}) failed: Элемент не найден. (0x490)
[7824:17564:0525/205812.450:ERROR:components\device_event_log\device_event_log_impl.cc:202] [20:58:12.454] USB: usb_service_win.cc:311 SetupDiEnumDeviceInterfaces: Дополнительные данные отсутствуют. (0x103)
[7824:17564:0525/205812.455:ERROR:components\device_event_log\device_event_log_impl.cc:202] [20:58:12.456] USB: usb_service_win.cc:311 SetupDiEnumDeviceInterfaces: Дополнительные данные отсутствуют. (0x103)
[7824:18780:0525/212609.657:ERROR:google_apis\gcm\engine\connection_factory_impl.cc:484] ConnectionHandler failed with net error: -2
[7824:17564:0525/221241.362:ERROR:components\device_event_log\device_event_log_impl.cc:202] [22:12:41.353] USB: usb_service_win.cc:108 SetupDiGetDeviceProperty({{A45C254E-DF1C-4EFD-8020-67D146A850E0}, 6}) failed: Элемент не найден. (0x490)
[7824:17564:0525/221241.367:ERROR:components\device_event_log\device_event_log_impl.cc:202] [22:12:41.367] USB: usb_service_win.cc:311 SetupDiEnumDeviceInterfaces: Дополнительные данные отсутствуют. (0x103)
[7824:17564:0525/221514.261:ERROR:components\device_event_log\device_event_log_impl.cc:202] [22:15:14.250] USB: usb_service_win.cc:108 SetupDiGetDeviceProperty({{A45C254E-DF1C-4EFD-8020-67D146A850E0}, 6}) failed: Элемент не найден. (0x490)
[7824:17564:0525/221514.265:ERROR:components\device_event_log\device_event_log_impl.cc:202] [22:15:14.266] USB: usb_service_win.cc:311 SetupDiEnumDeviceInterfaces: Дополнительные данные отсутствуют. (0x103)
[7824:17564:0525/221514.265:ERROR:components\device_event_log\device_event_log_impl.cc:202] [22:15:14.268] USB: usb_service_win.cc:311 SetupDiEnumDeviceInterfaces: Дополнительные данные отсутствуют. (0x103)
[7824:17564:0525/221515.410:ERROR:components\device_event_log\device_event_log_impl.cc:202] [22:15:15.401] USB: usb_service_win.cc:108 SetupDiGetDeviceProperty({{A45C254E-DF1C-4EFD-8020-67D146A850E0}, 6}) failed: Элемент не найден. (0x490)
[7824:17564:0525/221515.413:ERROR:components\device_event_log\device_event_log_impl.cc:202] [22:15:15.413] USB: usb_service_win.cc:108 SetupDiGetDeviceProperty({{A45C254E-DF1C-4EFD-8020-67D146A850E0}, 6}) failed: Элемент не найден. (0x490)
[7824:17564:0525/221515.414:ERROR:components\device_event_log\device_event_log_impl.cc:202] [22:15:15.415] USB: usb_service_win.cc:311 SetupDiEnumDeviceInterfaces: Дополнительные данные отсутствуют. (0x103)
[7824:17564:0525/221630.577:ERROR:components\device_event_log\device_event_log_impl.cc:202] [22:16:30.570] USB: usb_service_win.cc:108 SetupDiGetDeviceProperty({{A45C254E-DF1C-4EFD-8020-67D146A850E0}, 6}) failed: Элемент не найден. (0x490)
[7824:17564:0525/221630.585:ERROR:components\device_event_log\device_event_log_impl.cc:202] [22:16:30.586] USB: usb_service_win.cc:311 SetupDiEnumDeviceInterfaces: Дополнительные данные отсутствуют. (0x103)
[7824:17564:0525/221630.587:ERROR:components\device_event_log\device_event_log_impl.cc:202] [22:16:30.589] USB: usb_service_win.cc:311 SetupDiEnumDeviceInterfaces: Дополнительные данные отсутствуют. (0x103)
[7824:17564:0525/221645.715:ERROR:components\device_event_log\device_event_log_impl.cc:202] [22:16:45.707] USB: usb_service_win.cc:108 SetupDiGetDeviceProperty({{A45C254E-DF1C-4EFD-8020-67D146A850E0}, 6}) failed: Элемент не найден. (0x490)
[7824:17564:0525/221645.721:ERROR:components\device_event_log\device_event_log_impl.cc:202] [22:16:45.721] USB: usb_service_win.cc:311 SetupDiEnumDeviceInterfaces: Дополнительные данные отсутствуют. (0x103)
[7824:17564:0525/221648.348:ERROR:components\device_event_log\device_event_log_impl.cc:202] [22:16:48.340] USB: usb_service_win.cc:108 SetupDiGetDeviceProperty({{A45C254E-DF1C-4EFD-8020-67D146A850E0}, 6}) failed: Элемент не найден. (0x490)
[7824:17564:0525/221648.353:ERROR:components\device_event_log\device_event_log_impl.cc:202] [22:16:48.353] USB: usb_service_win.cc:311 SetupDiEnumDeviceInterfaces: Дополнительные данные отсутствуют. (0x103)
[7824:17564:0525/221648.353:ERROR:components\device_event_log\device_event_log_impl.cc:202] [22:16:48.356] USB: usb_service_win.cc:311 SetupDiEnumDeviceInterfaces: Дополнительные данные отсутствуют. (0x103)
[7824:17564:0526/005636.162:ERROR:components\device_event_log\device_event_log_impl.cc:202] [00:56:36.144] USB: usb_service_win.cc:108 SetupDiGetDeviceProperty({{A45C254E-DF1C-4EFD-8020-67D146A850E0}, 6}) failed: Элемент не найден. (0x490)
[7824:17564:0526/005636.167:ERROR:components\device_event_log\device_event_log_impl.cc:202] [00:56:36.168] USB: usb_service_win.cc:311 SetupDiEnumDeviceInterfaces: Дополнительные данные отсутствуют. (0x103)
[7824:17564:0526/005636.169:ERROR:components\device_event_log\device_event_log_impl.cc:202] [00:56:36.170] USB: usb_service_win.cc:311 SetupDiEnumDeviceInterfaces: Дополнительные данные отсутствуют. (0x103)
[7824:17564:0526/005636.911:ERROR:components\device_event_log\device_event_log_impl.cc:202] [00:56:36.890] USB: usb_service_win.cc:108 SetupDiGetDeviceProperty({{A45C254E-DF1C-4EFD-8020-67D146A850E0}, 6}) failed: Элемент не найден. (0x490)
[7824:17564:0526/005636.916:ERROR:components\device_event_log\device_event_log_impl.cc:202] [00:56:36.916] USB: usb_service_win.cc:311 SetupDiEnumDeviceInterfaces: Дополнительные данные отсутствуют. (0x103)
[7824:17564:0526/005636.917:ERROR:components\device_event_log\device_event_log_impl.cc:202] [00:56:36.918] USB: usb_service_win.cc:311 SetupDiEnumDeviceInterfaces: Дополнительные данные отсутствуют. (0x103)
[7824:17564:0526/011131.387:ERROR:components\device_event_log\device_event_log_impl.cc:202] [01:11:31.374] USB: usb_service_win.cc:108 SetupDiGetDeviceProperty({{A45C254E-DF1C-4EFD-8020-67D146A850E0}, 6}) failed: Элемент не найден. (0x490)
[7824:17564:0526/011131.392:ERROR:components\device_event_log\device_event_log_impl.cc:202] [01:11:31.393] USB: usb_service_win.cc:311 SetupDiEnumDeviceInterfaces: Дополнительные данные отсутствуют. (0x103)
[7824:17564:0526/011131.392:ERROR:components\device_event_log\device_event_log_impl.cc:202] [01:11:31.396] USB: usb_service_win.cc:311 SetupDiEnumDeviceInterfaces: Дополнительные данные отсутствуют. (0x103)
[7824:17564:0526/011639.236:ERROR:components\device_event_log\device_event_log_impl.cc:202] [01:16:39.224] USB: usb_service_win.cc:108 SetupDiGetDeviceProperty({{A45C254E-DF1C-4EFD-8020-67D146A850E0}, 6}) failed: Элемент не найден. (0x490)
[7824:17564:0526/011639.243:ERROR:components\device_event_log\device_event_log_impl.cc:202] [01:16:39.245] USB: usb_service_win.cc:311 SetupDiEnumDeviceInterfaces: Дополнительные данные отсутствуют. (0x103)
[7824:17564:0526/011639.247:ERROR:components\device_event_log\device_event_log_impl.cc:202] [01:16:39.247] USB: usb_service_win.cc:311 SetupDiEnumDeviceInterfaces: Дополнительные данные отсутствуют. (0x103)
[7824:17564:0526/011640.885:ERROR:components\device_event_log\device_event_log_impl.cc:202] [01:16:40.873] USB: usb_service_win.cc:108 SetupDiGetDeviceProperty({{A45C254E-DF1C-4EFD-8020-67D146A850E0}, 6}) failed: Элемент не найден. (0x490)
[7824:17564:0526/011640.886:ERROR:components\device_event_log\device_event_log_impl.cc:202] [01:16:40.888] USB: usb_service_win.cc:108 SetupDiGetDeviceProperty({{A45C254E-DF1C-4EFD-8020-67D146A850E0}, 6}) failed: Элемент не найден. (0x490)
[7824:17564:0526/011640.889:ERROR:components\device_event_log\device_event_log_impl.cc:202] [01:16:40.889] USB: usb_service_win.cc:311 SetupDiEnumDeviceInterfaces: Дополнительные данные отсутствуют. (0x103)
[7824:17564:0526/012101.265:ERROR:components\device_event_log\device_event_log_impl.cc:202] [01:21:01.262] USB: usb_service_win.cc:108 SetupDiGetDeviceProperty({{A45C254E-DF1C-4EFD-8020-67D146A850E0}, 6}) failed: Элемент не найден. (0x490)
[7824:17564:0526/012101.276:ERROR:components\device_event_log\device_event_log_impl.cc:202] [01:21:01.277] USB: usb_service_win.cc:311 SetupDiEnumDeviceInterfaces: Дополнительные данные отсутствуют. (0x103)
[7824:17564:0526/012101.280:ERROR:components\device_event_log\device_event_log_impl.cc:202] [01:21:01.280] USB: usb_service_win.cc:311 SetupDiEnumDeviceInterfaces: Дополнительные данные отсутствуют. (0x103)
[7824:17564:0526/015110.125:ERROR:components\device_event_log\device_event_log_impl.cc:202] [01:51:10.103] USB: usb_service_win.cc:108 SetupDiGetDeviceProperty({{A45C254E-DF1C-4EFD-8020-67D146A850E0}, 6}) failed: Элемент не найден. (0x490)
[7824:17564:0526/015110.131:ERROR:components\device_event_log\device_event_log_impl.cc:202] [01:51:10.132] USB: usb_service_win.cc:311 SetupDiEnumDeviceInterfaces: Дополнительные данные отсутствуют. (0x103)
[7824:17564:0526/015110.134:ERROR:components\device_event_log\device_event_log_impl.cc:202] [01:51:10.134] USB: usb_service_win.cc:311 SetupDiEnumDeviceInterfaces: Дополнительные данные отсутствуют. (0x103)
[7824:17564:0526/015117.414:ERROR:components\device_event_log\device_event_log_impl.cc:202] [01:51:17.400] USB: usb_service_win.cc:108 SetupDiGetDeviceProperty({{A45C254E-DF1C-4EFD-8020-67D146A850E0}, 6}) failed: Элемент не найден. (0x490)
[7824:17564:0526/015117.418:ERROR:components\device_event_log\device_event_log_impl.cc:202] [01:51:17.421] USB: usb_service_win.cc:311 SetupDiEnumDeviceInterfaces: Дополнительные данные отсутствуют. (0x103)
[7824:17564:0526/015117.423:ERROR:components\device_event_log\device_event_log_impl.cc:202] [01:51:17.424] USB: usb_service_win.cc:311 SetupDiEnumDeviceInterfaces: Дополнительные данные отсутствуют. (0x103)
[7824:17564:0526/015210.199:ERROR:components\device_event_log\device_event_log_impl.cc:202] [01:52:10.200] USB: usb_service_win.cc:108 SetupDiGetDeviceProperty({{A45C254E-DF1C-4EFD-8020-67D146A850E0}, 6}) failed: Элемент не найден. (0x490)
[7824:17564:0526/015210.205:ERROR:components\device_event_log\device_event_log_impl.cc:202] [01:52:10.204] USB: usb_service_win.cc:108 SetupDiGetDeviceProperty({{A45C254E-DF1C-4EFD-8020-67D146A850E0}, 6}) failed: Элемент не найден. (0x490)
[7824:17564:0526/015210.229:ERROR:components\device_event_log\device_event_log_impl.cc:202] [01:52:10.212] USB: usb_service_win.cc:311 SetupDiEnumDeviceInterfaces: Дополнительные данные отсутствуют. (0x103)
[7824:17564:0526/021139.993:ERROR:components\device_event_log\device_event_log_impl.cc:202] [02:11:39.981] USB: usb_service_win.cc:108 SetupDiGetDeviceProperty({{A45C254E-DF1C-4EFD-8020-67D146A850E0}, 6}) failed: Элемент не найден. (0x490)
[7824:17564:0526/021139.996:ERROR:components\device_event_log\device_event_log_impl.cc:202] [02:11:39.995] USB: usb_service_win.cc:108 SetupDiGetDeviceProperty({{A45C254E-DF1C-4EFD-8020-67D146A850E0}, 6}) failed: Элемент не найден. (0x490)
[7824:17564:0526/021139.997:ERROR:components\device_event_log\device_event_log_impl.cc:202] [02:11:39.998] USB: usb_service_win.cc:311 SetupDiEnumDeviceInterfaces: Дополнительные данные отсутствуют. (0x103)
[7824:17564:0526/021141.765:ERROR:components\device_event_log\device_event_log_impl.cc:202] [02:11:41.760] USB: usb_service_win.cc:108 SetupDiGetDeviceProperty({{A45C254E-DF1C-4EFD-8020-67D146A850E0}, 6}) failed: Элемент не найден. (0x490)
[7824:17564:0526/021141.769:ERROR:components\device_event_log\device_event_log_impl.cc:202] [02:11:41.770] USB: usb_service_win.cc:311 SetupDiEnumDeviceInterfaces: Дополнительные данные отсутствуют. (0x103)
[7824:17564:0526/021651.157:ERROR:components\device_event_log\device_event_log_impl.cc:202] [02:16:51.149] USB: usb_service_win.cc:108 SetupDiGetDeviceProperty({{A45C254E-DF1C-4EFD-8020-67D146A850E0}, 6}) failed: Элемент не найден. (0x490)
[7824:17564:0526/021651.160:ERROR:components\device_event_log\device_event_log_impl.cc:202] [02:16:51.162] USB: usb_service_win.cc:311 SetupDiEnumDeviceInterfaces: Дополнительные данные отсутствуют. (0x103)
[7824:17564:0526/021651.164:ERROR:components\device_event_log\device_event_log_impl.cc:202] [02:16:51.165] USB: usb_service_win.cc:311 SetupDiEnumDeviceInterfaces: Дополнительные данные отсутствуют. (0x103)
[7824:17564:0526/021654.193:ERROR:components\device_event_log\device_event_log_impl.cc:202] [02:16:54.185] USB: usb_service_win.cc:108 SetupDiGetDeviceProperty({{A45C254E-DF1C-4EFD-8020-67D146A850E0}, 6}) failed: Элемент не найден. (0x490)
[7824:17564:0526/021654.197:ERROR:components\device_event_log\device_event_log_impl.cc:202] [02:16:54.197] USB: usb_service_win.cc:311 SetupDiEnumDeviceInterfaces: Дополнительные данные отсутствуют. (0x103)
[7824:18780:0526/021656.678:ERROR:google_apis\gcm\engine\connection_factory_impl.cc:484] ConnectionHandler failed with net error: -2

DevTools listening on ws://127.0.0.1:54231/devtools/browser/d40fc5ba-3152-4b76-a7c7-f7588205174a
[14508:12572:0528/163026.193:ERROR:google_apis\gcm\engine\registration_request.cc:291] Registration response error message: DEPRECATED_ENDPOINT
[14508:12572:0528/163053.590:ERROR:google_apis\gcm\engine\registration_request.cc:291] Registration response error message: DEPRECATED_ENDPOINT
[14508:12572:0528/163139.632:ERROR:google_apis\gcm\engine\registration_request.cc:291] Registration response error message: DEPRECATED_ENDPOINT

DevTools listening on ws://127.0.0.1:54574/devtools/browser/d2ea74de-60dc-4886-8022-ff7de86beb21
[17864:2896:0528/163245.136:ERROR:google_apis\gcm\engine\registration_request.cc:291] Registration response error message: DEPRECATED_ENDPOINT

DevTools listening on ws://127.0.0.1:58445/devtools/browser/322c15bd-09ef-4fbc-893f-ddda680c0162
[18452:9024:0528/163306.288:ERROR:google_apis\gcm\engine\registration_request.cc:291] Registration response error message: DEPRECATED_ENDPOINT

DevTools listening on ws://127.0.0.1:61460/devtools/browser/83315e15-716e-4142-8558-ce6b59f1012f
[22760:10296:0528/163331.350:ERROR:google_apis\gcm\engine\registration_request.cc:291] Registration response error message: DEPRECATED_ENDPOINT
[22760:10296:0528/163353.273:ERROR:google_apis\gcm\engine\registration_request.cc:291] Registration response error message: DEPRECATED_ENDPOINT

DevTools listening on ws://127.0.0.1:63993/devtools/browser/bf3bb32c-e860-44b5-8aac-1c045ad0cf93
[18344:14892:0528/163416.829:ERROR:google_apis\gcm\engine\registration_request.cc:291] Registration response error message: DEPRECATED_ENDPOINT

DevTools listening on ws://127.0.0.1:53907/devtools/browser/85bd981f-be76-483b-99f2-6b5fa3e58584
[14856:1328:0528/163434.512:ERROR:google_apis\gcm\engine\registration_request.cc:291] Registration response error message: DEPRECATED_ENDPOINT

DevTools listening on ws://127.0.0.1:59151/devtools/browser/e09419b2-1bb0-4ce9-a72e-08f1280d441c
[17872:2648:0528/163527.312:ERROR:google_apis\gcm\engine\registration_request.cc:291] Registration response error message: DEPRECATED_ENDPOINT
[17872:2648:0528/163557.404:ERROR:google_apis\gcm\engine\registration_request.cc:291] Registration response error message: DEPRECATED_ENDPOINT

DevTools listening on ws://127.0.0.1:60988/devtools/browser/1f22173c-323a-475f-94d6-794126a852cc
[23216:22252:0528/163636.834:ERROR:google_apis\gcm\engine\registration_request.cc:291] Registration response error message: DEPRECATED_ENDPOINT
